[    0.000000] Initializing cgroup subsys cpuset
[    0.000000] Initializing cgroup subsys cpu
[    0.000000] Initializing cgroup subsys cpuacct
[    0.000000] Linux version 4.4.0-210-generic (buildd@lgw01-amd64-009) (gcc version 5.4.0 20160609 (Ubuntu 5.4.0-6ubuntu1~16.04.12) ) #242-Ubuntu SMP Fri Apr 16 09:57:56 UTC 2021 (Ubuntu 4.4.0-210.242-generic 4.4.262)
[    0.000000] Command line: BOOT_IMAGE=/boot/vmlinuz-4.4.0-210-generic root=LABEL=cloudimg-rootfs ro console=tty1 console=ttyS0
[    0.000000] KERNEL supported cpus:
[    0.000000]   Intel GenuineIntel
[    0.000000]   AMD AuthenticAMD
[    0.000000]   Centaur CentaurHauls
[    0.000000] x86/fpu: xstate_offset[2]:  576, xstate_sizes[2]:  256
[    0.000000] x86/fpu: Supporting XSAVE feature 0x01: 'x87 floating point registers'
[    0.000000] x86/fpu: Supporting XSAVE feature 0x02: 'SSE registers'
[    0.000000] x86/fpu: Supporting XSAVE feature 0x04: 'AVX registers'
[    0.000000] x86/fpu: Enabled xstate features 0x7, context size is 832 bytes, using 'standard' format.
[    0.000000] e820: BIOS-provided physical RAM map:
[    0.000000] BIOS-e820: [mem 0x0000000000000000-0x000000000009fbff] usable
[    0.000000] BIOS-e820: [mem 0x000000000009fc00-0x000000000009ffff] reserved
[    0.000000] BIOS-e820: [mem 0x00000000000f0000-0x00000000000fffff] reserved
[    0.000000] BIOS-e820: [mem 0x0000000000100000-0x000000003ffeffff] usable
[    0.000000] BIOS-e820: [mem 0x000000003fff0000-0x000000003fffffff] ACPI data
[    0.000000] BIOS-e820: [mem 0x00000000fec00000-0x00000000fec00fff] reserved
[    0.000000] BIOS-e820: [mem 0x00000000fee00000-0x00000000fee00fff] reserved
[    0.000000] BIOS-e820: [mem 0x00000000fffc0000-0x00000000ffffffff] reserved
[    0.000000] NX (Execute Disable) protection: active
[    0.000000] SMBIOS 2.5 present.
[    0.000000] Hypervisor detected: KVM
[    0.000000] e820: last_pfn = 0x3fff0 max_arch_pfn = 0x400000000
[    0.000000] MTRR: Disabled
[    0.000000] x86/PAT: MTRRs disabled, skipping PAT initialization too.
[    0.000000] CPU MTRRs all blank - virtualized system.
[    0.000000] x86/PAT: Configuration [0-7]: WB  WT  UC- UC  WB  WT  UC- UC  
[    0.000000] found SMP MP-table at [mem 0x0009fff0-0x0009ffff] mapped at [ffff88000009fff0]
[    0.000000] Scanning 1 areas for low memory corruption
[    0.000000] RAMDISK: [mem 0x362dc000-0x37165fff]
[    0.000000] ACPI: Early table checksum verification disabled
[    0.000000] ACPI: RSDP 0x00000000000E0000 000024 (v02 VBOX  )
[    0.000000] ACPI: XSDT 0x000000003FFF0030 00003C (v01 VBOX   VBOXXSDT 00000001 ASL  00000061)
[    0.000000] ACPI: FACP 0x000000003FFF00F0 0000F4 (v04 VBOX   VBOXFACP 00000001 ASL  00000061)
[    0.000000] ACPI: DSDT 0x000000003FFF0470 002325 (v02 VBOX   VBOXBIOS 00000002 INTL 20190509)
[    0.000000] ACPI: FACS 0x000000003FFF0200 000040
[    0.000000] ACPI: FACS 0x000000003FFF0200 000040
[    0.000000] ACPI: APIC 0x000000003FFF0240 00005C (v02 VBOX   VBOXAPIC 00000001 ASL  00000061)
[    0.000000] ACPI: SSDT 0x000000003FFF02A0 0001CC (v01 VBOX   VBOXCPUT 00000002 INTL 20190509)
[    0.000000] No NUMA configuration found
[    0.000000] Faking a node at [mem 0x0000000000000000-0x000000003ffeffff]
[    0.000000] NODE_DATA(0) allocated [mem 0x3ffeb000-0x3ffeffff]
[    0.000000] kvm-clock: Using msrs 4b564d01 and 4b564d00
[    0.000000] kvm-clock: cpu 0, msr 0:3ffe3001, primary cpu clock
[    0.000000] kvm-clock: using sched offset of 8767343261 cycles
[    0.000000] clocksource: kvm-clock: mask: 0xffffffffffffffff max_cycles: 0x1cd42e4dffb, max_idle_ns: 881590591483 ns
[    0.000000] Zone ranges:
[    0.000000]   DMA      [mem 0x0000000000001000-0x0000000000ffffff]
[    0.000000]   DMA32    [mem 0x0000000001000000-0x000000003ffeffff]
[    0.000000]   Normal   empty
[    0.000000]   Device   empty
[    0.000000] Movable zone start for each node
[    0.000000] Early memory node ranges
[    0.000000]   node   0: [mem 0x0000000000001000-0x000000000009efff]
[    0.000000]   node   0: [mem 0x0000000000100000-0x000000003ffeffff]
[    0.000000] Initmem setup node 0 [mem 0x0000000000001000-0x000000003ffeffff]
[    0.000000] ACPI: PM-Timer IO Port: 0x4008
[    0.000000] IOAPIC[0]: apic_id 2, version 32, address 0xfec00000, GSI 0-23
[    0.000000] ACPI: INT_SRC_OVR (bus 0 bus_irq 0 global_irq 2 dfl dfl)
[    0.000000] ACPI: INT_SRC_OVR (bus 0 bus_irq 9 global_irq 9 low level)
[    0.000000] Using ACPI (MADT) for SMP configuration information
[    0.000000] smpboot: Allowing 2 CPUs, 0 hotplug CPUs
[    0.000000] PM: Registered nosave memory: [mem 0x00000000-0x00000fff]
[    0.000000] PM: Registered nosave memory: [mem 0x0009f000-0x0009ffff]
[    0.000000] PM: Registered nosave memory: [mem 0x000a0000-0x000effff]
[    0.000000] PM: Registered nosave memory: [mem 0x000f0000-0x000fffff]
[    0.000000] e820: [mem 0x40000000-0xfebfffff] available for PCI devices
[    0.000000] Booting paravirtualized kernel on KVM
[    0.000000] clocksource: refined-jiffies: mask: 0xffffffff max_cycles: 0xffffffff, max_idle_ns: 7645519600211568 ns
[    0.000000] setup_percpu: NR_CPUS:512 nr_cpumask_bits:512 nr_cpu_ids:2 nr_node_ids:1
[    0.000000] PERCPU: Embedded 33 pages/cpu @ffff88003fc00000 s95192 r8192 d31784 u1048576
[    0.000000] Built 1 zonelists in Node order, mobility grouping on.  Total pages: 257912
[    0.000000] Policy zone: DMA32
[    0.000000] Kernel command line: BOOT_IMAGE=/boot/vmlinuz-4.4.0-210-generic root=LABEL=cloudimg-rootfs ro console=tty1 console=ttyS0
[    0.000000] PID hash table entries: 4096 (order: 3, 32768 bytes)
[    0.000000] Memory: 997792K/1048120K available (8644K kernel code, 1332K rwdata, 4044K rodata, 1492K init, 1164K bss, 50328K reserved, 0K cma-reserved)
[    0.000000] SLUB: HWalign=64, Order=0-3, MinObjects=0, CPUs=2, Nodes=1
[    0.000000] Kernel/User page tables isolation: enabled
[    0.000000] Hierarchical RCU implementation.
[    0.000000] 	Build-time adjustment of leaf fanout to 64.
[    0.000000] 	RCU restricting CPUs from NR_CPUS=512 to nr_cpu_ids=2.
[    0.000000] RCU: Adjusting geometry for rcu_fanout_leaf=64, nr_cpu_ids=2
[    0.000000] NR_IRQS:33024 nr_irqs:440 16
[    0.000000] Console: colour VGA+ 80x25
[    0.000000] console [tty1] enabled
[    0.000000] console [ttyS0] enabled
[    0.000000] tsc: Detected 2495.998 MHz processor
[    1.949067] Calibrating delay loop (skipped) preset value.. 4991.99 BogoMIPS (lpj=9983992)
[    1.976845] pid_max: default: 32768 minimum: 301
[    1.991615] ACPI: Core revision 20150930
[    2.006228] ACPI: 2 ACPI AML tables successfully acquired and loaded
[    2.028187] Security Framework initialized
[    2.042394] Yama: becoming mindful.
[    2.054074] AppArmor: AppArmor initialized
[    2.066384] Dentry cache hash table entries: 131072 (order: 8, 1048576 bytes)
[    2.100504] Inode-cache hash table entries: 65536 (order: 7, 524288 bytes)
[    2.121366] Mount-cache hash table entries: 2048 (order: 2, 16384 bytes)
[    2.141009] Mountpoint-cache hash table entries: 2048 (order: 2, 16384 bytes)
[    2.162080] Initializing cgroup subsys io
[    2.178971] Initializing cgroup subsys memory
[    2.194320] Initializing cgroup subsys devices
[    2.208231] Initializing cgroup subsys freezer
[    2.221080] Initializing cgroup subsys net_cls
[    2.235365] Initializing cgroup subsys perf_event
[    2.249085] Initializing cgroup subsys net_prio
[    2.262888] Initializing cgroup subsys hugetlb
[    2.275968] Initializing cgroup subsys pids
[    2.298570] mce: CPU supports 0 MCE banks
[    2.313432] Last level iTLB entries: 4KB 64, 2MB 8, 4MB 8
[    2.332967] Last level dTLB entries: 4KB 64, 2MB 0, 4MB 0, 1GB 4
[    2.352176] Spectre V1 : Mitigation: usercopy/swapgs barriers and __user pointer sanitization
[    2.379246] Spectre V2 : Mitigation: Full generic retpoline
[    2.397914] Spectre V2 : Spectre v2 / SpectreRSB mitigation: Filling RSB on context switch
[    2.422439] Speculative Store Bypass: Vulnerable
[    2.440398] MDS: Mitigation: Clear CPU buffers
[    2.517450] Freeing SMP alternatives memory: 36K
[    2.664873] ftrace: allocating 32380 entries in 127 pages
[    3.564605] smpboot: APIC(0) Converting physical 0 to logical package 0
[    3.585551] smpboot: Max logical packages: 1
[    3.602939] x2apic enabled
[    3.615755] Switched APIC routing to physical x2apic.
[    3.646712] ..TIMER: vector=0x30 apic1=0 pin1=2 apic2=-1 pin2=-1
[    3.772220] smpboot: CPU0: Intel(R) Core(TM) i5-10300H CPU @ 2.50GHz (family: 0x6, model: 0xa5, stepping: 0x2)
[    3.805422] Performance Events: unsupported p6 CPU model 165 no PMU driver, software events only.
[    3.962458] KVM setup paravirtual spinlock
[    3.976286] x86: Booting SMP configuration:
[    3.988670] .... node  #0, CPUs:      #1
[    4.002007] kvm-clock: cpu 1, msr 0:3ffe3041, secondary cpu clock
[    4.023870] mce: CPU supports 0 MCE banks
[    4.035650] x86: Booted up 1 node, 2 CPUs
[    4.052555] smpboot: Total of 2 processors activated (9983.99 BogoMIPS)
[    4.077319] devtmpfs: initialized
[    4.090180] evm: security.selinux
[    4.101551] evm: security.SMACK64
[    4.113746] evm: security.SMACK64EXEC
[    4.126195] evm: security.SMACK64TRANSMUTE
[    4.139411] evm: security.SMACK64MMAP
[    4.150659] evm: security.ima
[    4.160131] evm: security.capability
[    4.171277] clocksource: jiffies: mask: 0xffffffff max_cycles: 0xffffffff, max_idle_ns: 7645041785100000 ns
[    4.196883] futex hash table entries: 512 (order: 3, 32768 bytes)
[    4.214894] pinctrl core: initialized pinctrl subsystem
[    4.232292] RTC time:  7:24:19, date: 02/12/24
[    4.249430] NET: Registered protocol family 16
[    4.271814] cpuidle: using governor ladder
[    4.298521] cpuidle: using governor menu
[    4.312827] PCCT header not found.
[    4.323476] ACPI: bus type PCI registered
[    4.337372] acpiphp: ACPI Hot Plug PCI Controller Driver version: 0.5
[    4.356393] PCI: Using configuration type 1 for base access
[    4.387949] ACPI: Added _OSI(Module Device)
[    4.401872] ACPI: Added _OSI(Processor Device)
[    4.417319] ACPI: Added _OSI(3.0 _SCP Extensions)
[    4.432829] ACPI: Added _OSI(Processor Aggregator Device)
[    4.452063] ACPI: Executed 1 blocks of module-level executable AML code
[    4.484168] ACPI: Interpreter enabled
[    4.496146] ACPI: (supports S0 S5)
[    4.508021] ACPI: Using IOAPIC for interrupt routing
[    4.523002] PCI: Using host bridge windows from ACPI; if necessary, use "pci=nocrs" and report a bug
[    4.565132] ACPI: PCI Root Bridge [PCI0] (domain 0000 [bus 00-ff])
[    4.583429] acpi PNP0A03:00: _OSC: OS supports [ASPM ClockPM Segments MSI]
[    4.601479] acpi PNP0A03:00: _OSC: not requesting OS control; OS requires [ExtendedConfig ASPM ClockPM MSI]
[    4.629802] acpi PNP0A03:00: fail to add MMCONFIG information, can't access extended PCI configuration space under this bridge.
[    4.664042] PCI host bridge to bus 0000:00
[    4.679242] pci_bus 0000:00: root bus resource [io  0x0000-0x0cf7 window]
[    4.698477] pci_bus 0000:00: root bus resource [io  0x0d00-0xffff window]
[    4.720179] pci_bus 0000:00: root bus resource [mem 0x000a0000-0x000bffff window]
[    4.744504] pci_bus 0000:00: root bus resource [mem 0x40000000-0xfdffffff window]
[    4.770806] pci_bus 0000:00: root bus resource [bus 00-ff]
[    4.804976] pci 0000:00:01.1: legacy IDE quirk: reg 0x10: [io  0x01f0-0x01f7]
[    4.826958] pci 0000:00:01.1: legacy IDE quirk: reg 0x14: [io  0x03f6]
[    4.846121] pci 0000:00:01.1: legacy IDE quirk: reg 0x18: [io  0x0170-0x0177]
[    4.868657] pci 0000:00:01.1: legacy IDE quirk: reg 0x1c: [io  0x0376]
[    5.194056] pci 0000:00:07.0: quirk: [io  0x4000-0x403f] claimed by PIIX4 ACPI
[    5.232246] pci 0000:00:07.0: quirk: [io  0x4100-0x410f] claimed by PIIX4 SMB
[    5.403081] ACPI: PCI Interrupt Link [LNKA] (IRQs 5 9 10 *11)
[    5.433924] ACPI: PCI Interrupt Link [LNKB] (IRQs 5 9 *10 11)
[    5.463760] ACPI: PCI Interrupt Link [LNKC] (IRQs 5 *9 10 11)
[    5.494682] ACPI: PCI Interrupt Link [LNKD] (IRQs 5 9 10 *11)
[    5.526338] ACPI: Enabled 2 GPEs in block 00 to 07
[    5.550410] vgaarb: setting as boot device: PCI:0000:00:02.0
[    5.567990] vgaarb: device added: PCI:0000:00:02.0,decodes=io+mem,owns=io+mem,locks=none
[    5.601078] vgaarb: loaded
[    5.614556] vgaarb: bridge control possible 0000:00:02.0
[    5.634228] SCSI subsystem initialized
[    5.651365] ACPI: bus type USB registered
[    5.666124] usbcore: registered new interface driver usbfs
[    5.683036] usbcore: registered new interface driver hub
[    5.701680] usbcore: registered new device driver usb
[    5.723401] PCI: Using ACPI for IRQ routing
[    5.749853] NetLabel: Initializing
[    5.764066] NetLabel:  domain hash size = 128
[    5.777796] NetLabel:  protocols = UNLABELED CIPSOv4
[    5.794438] NetLabel:  unlabeled traffic allowed by default
[    5.812577] amd_nb: Cannot enumerate AMD northbridges
[    5.828432] clocksource: Switched to clocksource kvm-clock
[    5.873978] AppArmor: AppArmor Filesystem Enabled
[    5.887876] pnp: PnP ACPI init
[    5.907316] pnp: PnP ACPI: found 3 devices
[    5.927751] clocksource: acpi_pm: mask: 0xffffff max_cycles: 0xffffff, max_idle_ns: 2085701024 ns
[    5.956563] NET: Registered protocol family 2
[    5.977724] TCP established hash table entries: 8192 (order: 4, 65536 bytes)
[    5.997495] TCP bind hash table entries: 8192 (order: 5, 131072 bytes)
[    6.018196] TCP: Hash tables configured (established 8192 bind 8192)
[    6.036410] UDP hash table entries: 512 (order: 2, 16384 bytes)
[    6.056438] UDP-Lite hash table entries: 512 (order: 2, 16384 bytes)
[    6.075441] NET: Registered protocol family 1
[    6.092103] pci 0000:00:00.0: Limiting direct PCI/PCI transfers
[    6.111435] pci 0000:00:01.0: Activating ISA DMA hang workarounds
[    6.130743] Unpacking initramfs...
[    6.734041] Freeing initrd memory: 14888K
[    6.746506] clocksource: tsc: mask: 0xffffffffffffffff max_cycles: 0x23fa754787d, max_idle_ns: 440795210092 ns
[    6.776823] platform rtc_cmos: registered platform RTC device (no PNP device found)
[    6.804089] Scanning for low memory corruption every 60 seconds
[    6.823714] audit: initializing netlink subsys (disabled)
[    6.838751] audit: type=2000 audit(1707722667.867:1): initialized
[    6.856177] Initialise system trusted keyring
[    6.871144] HugeTLB registered 2 MB page size, pre-allocated 0 pages
[    6.891171] zbud: loaded
[    6.901201] VFS: Disk quotas dquot_6.6.0
[    6.912682] VFS: Dquot-cache hash table entries: 512 (order 0, 4096 bytes)
[    6.932792] squashfs: version 4.0 (2009/01/31) Phillip Lougher
[    6.953255] fuse init (API version 7.23)
[    6.968538] Key type big_key registered
[    6.980803] Allocating IMA MOK and blacklist keyrings.
[    7.010240] Key type asymmetric registered
[    7.023010] Asymmetric key parser 'x509' registered
[    7.037825] Block layer SCSI generic (bsg) driver version 0.4 loaded (major 249)
[    7.071094] io scheduler noop registered
[    7.093764] io scheduler deadline registered (default)
[    7.119089] io scheduler cfq registered
[    7.137520] pci_hotplug: PCI Hot Plug PCI Core version: 0.5
[    7.173100] pciehp: PCI Express Hot Plug Controller Driver version: 0.4
[    7.195173] ACPI: AC Adapter [AC] (on-line)
[    7.210322] input: Power Button as /devices/LNXSYSTM:00/LNXPWRBN:00/input/input0
[    7.233320] ACPI: Power Button [PWRF]
[    7.247725] input: Sleep Button as /devices/LNXSYSTM:00/LNXSLPBN:00/input/input1
[    7.271556] ACPI: Sleep Button [SLPF]
[    7.290960] GHES: HEST is not enabled!
[    7.303441] Serial: 8250/16550 driver, 32 ports, IRQ sharing enabled
[    7.360977] 00:02: ttyS0 at I/O 0x3f8 (irq = 4, base_baud = 115200) is a 16550A
[    7.385372] Linux agpgart interface v0.103
[    7.404861] loop: module loaded
[    7.429013] scsi host0: ata_piix
[    7.442954] scsi host1: ata_piix
[    7.455539] ata1: PATA max UDMA/33 cmd 0x1f0 ctl 0x3f6 bmdma 0xd000 irq 14
[    7.477170] ata2: PATA max UDMA/33 cmd 0x170 ctl 0x376 bmdma 0xd008 irq 15
[    7.498154] libphy: Fixed MDIO Bus: probed
[    7.511169] tun: Universal TUN/TAP device driver, 1.6
[    7.527615] tun: (C) 1999-2004 Max Krasnyansky <maxk@qualcomm.com>
[    7.546246] PPP generic driver version 2.4.2
[    7.561718] ehci_hcd: USB 2.0 'Enhanced' Host Controller (EHCI) Driver
[    7.583730] ehci-pci: EHCI PCI platform driver
[    7.600263] ehci-platform: EHCI generic platform driver
[    7.618017] ohci_hcd: USB 1.1 'Open' Host Controller (OHCI) Driver
[    7.640956] ohci-pci: OHCI PCI platform driver
[    7.658299] ohci-platform: OHCI generic platform driver
[    7.675068] uhci_hcd: USB Universal Host Controller Interface driver
[    7.696422] i8042: PNP: PS/2 Controller [PNP0303:PS2K,PNP0f03:PS2M] at 0x60,0x64 irq 1,12
[    7.777936] serio: i8042 KBD port at 0x60,0x64 irq 1
[    7.792422] serio: i8042 AUX port at 0x60,0x64 irq 12
[    7.806944] mousedev: PS/2 mouse device common for all mice
[    7.829734] rtc_cmos rtc_cmos: rtc core: registered rtc_cmos as rtc0
[    7.853033] input: AT Translated Set 2 keyboard as /devices/platform/i8042/serio0/input/input2
[    7.877202] rtc_cmos rtc_cmos: alarms up to one day, 114 bytes nvram
[    7.897279] i2c /dev entries driver
[    7.912423] device-mapper: uevent: version 1.0.3
[    7.929021] device-mapper: ioctl: 4.34.0-ioctl (2015-10-28) initialised: dm-devel@redhat.com
[    7.958059] ledtrig-cpu: registered to indicate activity on CPUs
[    7.985466] NET: Registered protocol family 10
[    8.006001] NET: Registered protocol family 17
[    8.020453] Key type dns_resolver registered
[    8.034340] registered taskstats version 1
[    8.046508] Loading compiled-in X.509 certificates
[    8.068585] Loaded X.509 cert 'Build time autogenerated kernel key: cf00e047681d67edb2720680708b7d9498083038'
[    8.097005] zswap: loaded using pool lzo/zbud
[    8.114390] Key type trusted registered
[    8.136923] Key type encrypted registered
[    8.152207] AppArmor: AppArmor sha1 policy hashing enabled
[    8.168256] ima: No TPM chip found, activating TPM-bypass!
[    8.185825] ima: Allocated hash algorithm: sha1
[    8.200458] evm: HMAC attrs: 0x1
[    8.214322]   Magic number: 12:989:419
[    8.228639] rtc_cmos rtc_cmos: setting system clock to 2024-02-12 07:24:23 UTC (1707722663)
[    8.257849] BIOS EDD facility v0.16 2004-Jun-25, 0 devices found
[    8.275455] EDD information not available.
[    8.295079] Freeing unused kernel memory: 1492K
[    8.311447] Write protecting the kernel read-only data: 14336k
[    8.333953] Freeing unused kernel memory: 1584K
[    8.350007] Freeing unused kernel memory: 52K
Loading, please wait...
starting version[    8.392923] random: udevadm: uninitialized urandom read (16 bytes read, 7 bits of entropy available)
 229
[    8.441512] random: systemd-udevd: uninitialized urandom read (16 bytes read, 7 bits of entropy available)
[    8.441583] random: systemd-udevd: uninitialized urandom read (16 bytes read, 7 bits of entropy available)
[    8.441597] random: systemd-udevd: uninitialized urandom read (16 bytes read, 7 bits of entropy available)
[    8.441612] random: systemd-udevd: uninitialized urandom read (16 bytes read, 7 bits of entropy available)
[    8.579917] random: udevadm: uninitialized urandom read (16 bytes read, 7 bits of entropy available)
[    8.618159] random: systemd-udevd: uninitialized urandom read (16 bytes read, 7 bits of entropy available)
[    8.652620] random: systemd-udevd: uninitialized urandom read (16 bytes read, 7 bits of entropy available)
[    8.656675] random: udevadm: uninitialized urandom read (16 bytes read, 7 bits of entropy available)
[    8.657099] random: udevadm: uninitialized urandom read (16 bytes read, 7 bits of entropy available)
[    8.802086] e1000: Intel(R) PRO/1000 Network Driver - version 7.3.21-k8-NAPI
[    8.822440] e1000: Copyright (c) 1999-2006 Intel Corporation.
[    8.854755] Fusion MPT base driver 3.04.20
[    8.870084] Copyright (c) 1999-2008 LSI Corporation
[    8.974798] AVX2 version of gcm_enc/dec engaged.
[    8.989330] AES CTR mode by8 optimization enabled
[    9.013277] Fusion MPT SPI Host driver 3.04.20
[    9.154565] input: ImExPS/2 Generic Explorer Mouse as /devices/platform/i8042/serio1/input/input4
[   10.383758] e1000 0000:00:03.0 eth0: (PCI:33MHz:32-bit) 02:be:82:6b:cc:1d
[   10.406700] e1000 0000:00:03.0 eth0: Intel(R) PRO/1000 Network Connection
[   11.856034] e1000 0000:00:08.0 eth1: (PCI:33MHz:32-bit) 08:00:27:25:45:e8
[   11.873030] e1000 0000:00:08.0 eth1: Intel(R) PRO/1000 Network Connection
[   11.895661] mptbase: ioc0: Initiating bringup
[   11.896238] e1000 0000:00:03.0 enp0s3: renamed from eth0
[   11.936846] e1000 0000:00:08.0 enp0s8: renamed from eth1
[   12.269676] ioc0: LSI53C1030 A0: Capabilities={Initiator}
[   14.121867] scsi host2: ioc0: LSI53C1030 A0, FwRev=00000000h, Ports=1, MaxQ=256, IRQ=20
[   15.943929] scsi 2:0:0:0: Direct-Access     VBOX     HARDDISK         1.0  PQ: 0 ANSI: 5
[   15.968165] scsi target2:0:0: Beginning Domain Validation
[   15.991242] scsi target2:0:0: Domain Validation skipping write tests
[   16.009792] scsi target2:0:0: Ending Domain Validation
[   16.026139] scsi target2:0:0: asynchronous
[   16.043546] scsi 2:0:1:0: Direct-Access     VBOX     HARDDISK         1.0  PQ: 0 ANSI: 5
[   16.071283] scsi target2:0:1: Beginning Domain Validation
[   16.094851] scsi target2:0:1: Domain Validation skipping write tests
[   16.245316] scsi target2:0:1: Ending Domain Validation
[   16.259470] scsi target2:0:1: asynchronous
[   16.298576] sd 2:0:0:0: Attached scsi generic sg0 type 0
[   16.314843] sd 2:0:0:0: [sda] 83886080 512-byte logical blocks: (42.9 GB/40.0 GiB)
[   16.341093] sd 2:0:1:0: Attached scsi generic sg1 type 0
[   16.355889] sd 2:0:1:0: [sdb] 20480 512-byte logical blocks: (10.5 MB/10.0 MiB)
[   16.356038] sd 2:0:0:0: [sda] Write Protect is off
[   16.357164] sd 2:0:0:0: [sda] Incomplete mode parameter data
[   16.357166] sd 2:0:0:0: [sda] Assuming drive cache: write through
[   16.385739]  sda: sda1
[   16.390824] sd 2:0:0:0: [sda] Attached SCSI disk
[   16.459336] sd 2:0:1:0: [sdb] Write Protect is off
[   16.474250] sd 2:0:1:0: [sdb] Incomplete mode parameter data
[   16.490010] sd 2:0:1:0: [sdb] Assuming drive cache: write through
[   16.545787] sd 2:0:1:0: [sdb] Attached SCSI disk
Begin: Loading essential drivers ... [   21.625890] md: linear personality registered for level -1
[   21.650777] md: multipath personality registered for level -4
[   21.675445] md: raid0 personality registered for level 0
[   21.709829] md: raid1 personality registered for level 1
[   21.935242] raid6: sse2x1   gen() 21954 MB/s
[   22.114783] raid6: sse2x1   xor() 11774 MB/s
[   22.342815] raid6: sse2x2   gen() 23053 MB/s
[   22.542798] raid6: sse2x2   xor() 14754 MB/s
[   22.642901] raid6: sse2x4   gen() 13781 MB/s
[   22.903185] raid6: sse2x4   xor() 23375 MB/s
[   23.103051] raid6: avx2x1   gen() 35768 MB/s
[   23.330928] raid6: avx2x2   gen() 40855 MB/s
[   23.566944] raid6: avx2x4   gen() 46887 MB/s
[   23.584257] raid6: using algorithm avx2x4 gen() 46887 MB/s
[   23.604333] raid6: using avx2x2 recovery algorithm
[   23.622425] xor: automatically using best checksumming function:
[   23.676672]    avx       : 35824.000 MB/sec
[   23.693011] async_tx: api initialized (async)
[   23.759114] md: raid6 personality registered for level 6
[   23.774888] md: raid5 personality registered for level 5
[   23.790469] md: raid4 personality registered for level 4
[   23.829075] md: raid10 personality registered for level 10
done.
Begin: Running /scripts/init-premount ... done.
Begin: Mounting root file system ... Begin: Running /scripts/local-top ... done.
Begin: Running /scripts/local-premount ... [   23.980619] Btrfs loaded
Scanning for Btrfs filesystems
done.
Warning: fsck not present, so skipping root file system
[   24.061944] EXT4-fs (sda1): INFO: recovery required on readonly filesystem
[   24.079628] EXT4-fs (sda1): write access will be enabled during recovery
[   24.438905] EXT4-fs (sda1): recovery complete
[   24.451374] EXT4-fs (sda1): mounted filesystem with ordered data mode. Opts: (null)
done.
Begin: Running /scripts/local-bottom ... done.
Begin: Running /scripts/init-bottom ... done.
[   24.747445] random: nonblocking pool is initialized
[   25.534536] systemd[1]: systemd 229 running in system mode. (+PAM +AUDIT +SELINUX +IMA +APPARMOR +SMACK +SYSVINIT +UTMP +LIBCRYPTSETUP +GCRYPT +GNUTLS +ACL +XZ -LZ4 +SECCOMP +BLKID +ELFUTILS +KMOD -IDN)
[   25.581243] systemd[1]: Detected virtualization oracle.
[   25.596136] systemd[1]: Detected architecture x86-64.

Welcome to [1mUbuntu 16.04.7 LTS[0m!

[   25.706561] systemd[1]: Set hostname to <web2>.
[   26.565673] systemd[1]: Created slice User and Session Slice.
[[0;32m  OK  [0m] Created slice User and Session Slice.
[   26.600567] systemd[1]: Listening on Journal Socket.
[[0;32m  OK  [0m] Listening on Journal Socket.
[   26.625332] systemd[1]: Reached target Encrypted Volumes.
[[0;32m  OK  [0m] Reached target Encrypted Volumes.
[   26.648503] systemd[1]: Listening on /dev/initctl Compatibility Named Pipe.
[[0;32m  OK  [0m] Listening on /dev/initctl Compatibility Named Pipe.
[   26.681168] systemd[1]: Listening on udev Control Socket.
[[0;32m  OK  [0m] Listening on udev Control Socket.
[   26.706902] systemd[1]: Started Trigger resolvconf update for networkd DNS.
[[0;32m  OK  [0m] Started Trigger resolvconf update for networkd DNS.
[   26.737795] systemd[1]: Listening on LVM2 metadata daemon socket.
[[0;32m  OK  [0m] Listening on LVM2 metadata daemon socket.
[   26.764641] systemd[1]: Listening on udev Kernel Socket.
[[0;32m  OK  [0m] Listening on udev Kernel Socket.
[   26.787614] systemd[1]: Listening on LVM2 poll daemon socket.
[[0;32m  OK  [0m] Listening on LVM2 poll daemon socket.
[   26.813123] systemd[1]: Set up automount Arbitrary Executable File Formats File System Automount Point.
[[0;32m  OK  [0m] Set up automount Arbitrary Executab...ats File System Automount Point.
[   26.849431] systemd[1]: Listening on Device-mapper event daemon FIFOs.
[[0;32m  OK  [0m] Listening on Device-mapper event daemon FIFOs.
[   26.878815] systemd[1]: Listening on Journal Socket (/dev/log).
[[0;32m  OK  [0m] Listening on Journal Socket (/dev/log).
[   26.904333] systemd[1]: Reached target System Time Synchronized.
[[0;32m  OK  [0m] Reached target System Time Synchronized.
[   26.931428] systemd[1]: Listening on Journal Audit Socket.
[[0;32m  OK  [0m] Listening on Journal Audit Socket.
[   26.955753] systemd[1]: Listening on fsck to fsckd communication Socket.
[[0;32m  OK  [0m] Listening on fsck to fsckd communication Socket.
[   26.982747] systemd[1]: Started Forward Password Requests to Wall Directory Watch.
[[0;32m  OK  [0m] Started Forward Password Requests to Wall Directory Watch.
[   27.015764] systemd[1]: Reached target User and Group Name Lookups.
[[0;32m  OK  [0m] Reached target User and Group Name Lookups.
[   27.041476] systemd[1]: Reached target Swap.
[[0;32m  OK  [0m] Reached target Swap.
[   27.062013] systemd[1]: Created slice System Slice.
[[0;32m  OK  [0m] Created slice System Slice.
[   27.093356] systemd[1]: Mounting POSIX Message Queue File System...
         Mounting POSIX Message Queue File System...
[   27.120192] systemd[1]: Reached target Slices.
[[0;32m  OK  [0m] Reached target Slices.
[   27.145088] systemd[1]: Starting Uncomplicated firewall...
         Starting Uncomplicated firewall...
[   27.178196] systemd[1]: Starting Monitoring of LVM2 mirrors, snapshots etc. using dmeventd or progress polling...
         Starting Monitoring of LVM2 mirrors... dmeventd or progress polling...
[   27.263718] systemd[1]: Starting Load Kernel Modules...
         Starting Load Kernel Modules...
[   27.293878] systemd[1]: Mounting Debug File System...
         Mounting Debug File System...
[   27.324959] systemd[1]: Starting Set console keymap...
         Starting Set console keymap...
[   27.360982] systemd[1]: Starting Create list of required static device nodes for the current kernel...
         Starting Create list of required st... nodes for the current kernel...
[   27.418624] systemd[1]: Created slice system-serial\x2dgetty.slice.
[[0;32m  OK  [0m[   27.470433] Loading iSCSI transport class v2.0-870.
] Created slice system-serial\x2dgetty.slice.
[   27.521050] systemd[1]: Mounting Huge Pages File System...
         Mounting Huge Pages File System...
[   27.569534] systemd[1]: Starting Nameserver information manager...
         Starting Nameserver information manager...[   27.596292] iscsi: registered transport (tcp)

[   27.606483] systemd[1]: Listening on Syslog Socket.
[[0;32m  OK  [0m] Listening on Syslog Socket.
[   27.670030] systemd[1]: Starting File System Check on Root Device...
         Startin[   27.695088] systemd[1]: Starting Journal Service...
g File System Check on Root Device...
         Starting Journal Service...
[   27.731759] systemd[1]: Mounted Huge Pages File System.
[[0;32m  OK  [0m] Mounted Huge Pages File System.
[   27.764748] systemd[1]: Mounted POSIX Message Queue File System.
[[0;32m  OK  [0m] Mounted POSIX Message Queue File System.
[   27.798224] systemd[1]: Mounted Debug File System.
[[0;32m  OK  [0m] Mounted Debug File System.[   27.826444] iscsi: registered transport (iser)

[   27.836212] systemd[1]: Started Uncomplicated firewall.
[[0;32m  OK  [0m] Started Uncomplicated firewall.
[   27.869710] systemd[1]: Started Load Kernel Modules.
[[0;32m  OK  [0m] Started Load Kernel Modules.
[   27.896003] systemd[1]: Started Set console keymap.
[[0;32m  OK  [0m] Started Set console keymap.
[   27.921524] systemd[1]: Started Create list of required static device nodes for the current kernel.
[[0;32m  OK  [0m] Started Create list of required sta...ce nodes for the current kernel.
[   27.973590] systemd[1]: Started File System Check on Root Device.
[[0;32m  OK  [0m] Started File System Check on Root Device.
[   28.008205] systemd[1]: Started Nameserver information manager.
[[0;32m  OK  [0m] Started Nameserver information manager.
[   28.042568] systemd[1]: Started Journal Service.
[[0;32m  OK  [0m] Started Journal Service.
[[0;32m  OK  [0m] Started LVM2 metadata daemon.
[[0;32m  OK  [0m] Started File System Check Daemon to report status.
         Starting Remount Root and Kernel File Systems...
         Starting Create Static Device Nodes in /dev...
         Mounting FUSE Control File System...
         Starting Apply Kernel Variables...
[[0;32m  OK  [0m] Mounted FUSE Control File System.
[   28.205929] EXT4-fs (sda1): re-mounted. Opts: (null)
[[0;32m  OK  [0m] Started Remount Root and Kernel File Systems.
         Starting udev Coldplug all Devices...
         Starting Flush Journal to Persistent Storage...
         Starting Load/Save Random Seed...
[[0;32m  OK  [0m] Started Apply Kernel Variables.
[[0;32m  OK  [0m] Started Load/Save Random Seed.
[[0;32m  OK  [0m] Started Create Static Device Nodes in /dev.
         Starting udev Kernel Device Manager...
[[0;32m  OK  [0m] Started udev Coldplug all Devices.
[[0;32m  OK  [0m] Started Flush Journal to Persistent Storage.
[[0;32m  OK  [0m] Started Monitoring of LVM2 mirrors,...ng dmeventd or progress polling.
[[0;32m  OK  [0m] Reached target Local File Systems (Pre).
[[0;32m  OK  [0m] Reached target Local File Systems.
         Starting LSB: AppArmor initialization...
         Starting Set console font and keymap...
         Starting Tell Plymouth To Write Out Runtime Data...
         Starting Create Volatile Files and Directories...
         Starting Initial cloud-init job (pre-networking)...
[[0;32m  OK  [0m] Started udev Kernel Device Manager.
[[0;32m  OK  [0m] Started Dispatch Password Requests to Console Directory Watch.
[[0;32m  OK  [0m] Started Tell Plymouth To Write Out Runtime Data.
[[0;32m  OK  [0m] Started Create Volatile Files and Directories.
         Starting Update UTMP about System Boot/Shutdown...
[[0;32m  OK  [0m] Started Update UTMP about System Boot/Shutdown.
[[0;32m  OK  [0m] Found device /dev/ttyS0.
[[0;32m  OK  [0m] Listening on Load/Save RF Kill Switch Status /dev/rfkill Watch.
[[0;32m  OK  [0m] Found device 82540EM Gigabit Ethern...r (PRO/1000 MT Desktop Adapter).
[   28.141582] [[0;32m  OK  [0m] Started LSB: AppArmor initialization.
cloud-init[495]: Cloud-init v. 21.1-19-gbad84ad4-0ubuntu1~16.04.2 running 'init-local' at Mon, 12 Feb 2024 07:24:46 +0000. Up 27.55 seconds.
[[0;32m  OK  [0m] Found device 82540EM Gigabit Ethern...r (PRO/1000 MT Desktop Adapter).
[[0;32m  OK  [0m] Started Initial cloud-init job (pre-networking).
[[0;32m  OK  [0m] Reached target Network (Pre).
[[0;32m  OK  [0m] Started ifup for enp0s8.
[[0;32m  OK  [0m] Started ifup for enp0s3.
         Starting Raise network interfaces...
         Starting Load AppArmor profiles managed internally by snapd...
[[0;32m  OK  [0m] Started Set console font and keymap.
[[0;32m  OK  [0m] Created slice system-getty.slice.
[[0;32m  OK  [0m] Started Load AppArmor profiles managed internally by snapd.
[[0;32m  OK  [0m] Started Raise network interfaces.
         Starting Initial cloud-init job (metadata service crawler)...
[[0;32m  OK  [0m] Reached target Network.
[   38.363347] cloud-init[1079]: Cloud-init v. 21.1-19-gbad84ad4-0ubuntu1~16.04.2 running 'init' at Mon, 12 Feb 2024 07:24:57 +0000. Up 37.83 seconds.
[   38.386639] cloud-init[1079]: ci-info: ++++++++++++++++++++++++++++++++++++++Net device info+++++++++++++++++++++++++++++++++++++++
[   38.407522] cloud-init[1079]: ci-info: +--------+------+-----------------------------+---------------+--------+-------------------+[[0;32m  OK  [0m] Started Initial cloud-init job (metadata service crawler).
[[0;32m  OK  [0m] Reached target Network is Online.

[   38.445276] cloud-init[1079]: ci-info: | Device |  Up  |           Address           |      Mask     | Scope  |     Hw-Address    |
         Starting iSCSI initiator daemon (iscsid)...
[[0;32m  OK  [0m] Reached target System Initialization.
[   38.466355] cloud-init[1079]: ci-info: +--------+------+-----------------------------+---------------+--------+-------------------+
[[0;32m  OK  [0m] Started ACPI Events Check.
[   38.511069] cloud-init[1079]: ci-info: | enp0s3 | True |          10.0.2.15          | 255.255.255.0 | global | 02:be:82:6b:cc:1d |
[[0;32m  OK  [0m] Reached target Paths.
[   38.538866]          Starting LXD - unix socket.
cloud-init[1079]: ci-info: | enp0s3 | True |  fe80::be:82ff:fe6b:cc1d/64 |       .       |  link  | 02:be:82:6b:cc:1d |
[   38.567429] cloud-init[1079]: ci-info: | enp0s8 | True |        192.168.56.13        | 255.255.255.0 | global | 08:00:27:25:45:e8 |[[0;32m  OK  [0m] Started Message of the Day.
[[0;32m  OK  [0m] Started Daily Cleanup of Temporary Directories.
[[0;32m  OK  [0m] Started Ubuntu Advantage update messaging.
[[0;32m  OK  [0m] Listening on ACPID Listen Socket.
[[0;32m  OK  [0m] Started Daily apt download activities.
[[0;32m  OK  [0m] Listening on D-Bus System Message Bus Socket.
         Starting Socket activation for snappy daemon.
[[0;32m  OK  [0m] Listening on UUID daemon activation socket.
[[0;32m  OK  [0m] Started Daily apt upgrade and clean activities.
[[0;32m  OK  [0m] Reached target Timers.
[[0;32m  OK  [0m] Reached target Cloud-config availability.

[   38.753202] [[0;32m  OK  [0m] Listening on LXD - unix socket.
[[0;32m  OK  [0m] Listening on Socket activation for snappy daemon.
cloud-init[1079]: ci-info: | enp0s8 | True | fe80::a00:27ff:fe25:45e8/64 |       .       |  link  | 08:00:27:25:45:e8 |
[[0;32m  OK  [0m] Reached target Sockets.
[   38.794122] cloud-init[[0;32m  OK  [0m] Reached target Basic System.
[[1079]: ci-info: |   lo   | True |          127.0.0.1          |   255.0.0.0   |  host  |         .         |
[0;32m  OK  [0m] Started D-Bus System Message Bus.[   38.832871] 
cloud-init[1079]: ci-info: |   lo   | True |           ::1/128           |       .       |  host  |         .         |
[   38.859270] cloud-init[1079]: ci-info: +--------+------+-----------------------------+---------------+--------+-------------------+
[   38.881875] cloud-init[1079]: ci-info: ++++++++++++++++++++++++++++Route IPv4 info++++++++++++++++++++++++++++
[   38.901209] cloud-init[1079]: ci-info: +-------+--------------+----------+---------------+-----------+-------+
[   38.923586] cloud-init[1079]: ci-info: | Route | Destination  | Gateway  |    Genmask    | Interface | Flags |
[   38.943936] cloud-init[1079]: ci-info: +-------+--------------+----------+---------------+-----------+-------+
[   38.965649] cloud-init[1079]: ci-info: |   0   |   0.0.0.0    | 10.0.2.2 |    0.0.0.0    |   enp0s3  |   UG  |
[   38.985921] cloud-init[1079]: ci-info: |   1   |   10.0.2.0   | 0.0.0.0  | 255.255.255.0 |   enp0s3  |   U   |
[   39.006825] cloud-init[1079]: ci-info: |   2   | 192.168.56.0 | 0.0.0.0  | 255.255.255.0 |   enp0s8  |   U   |
[   39.026956] cloud-init[1079]: ci-info: +-------+--------------+----------+---------------+-----------+-------+
[   39.046135] cloud-init[1079]: ci-info: +++++++++++++++++++Route IPv6 info+++++++++++++++++++
[   39.063279] cloud-init[1079]: ci-info: +-------+-------------+---------+-----------+-------+
         Starting LSB: Record successful boot for GRUB...
[   39.068939] cloud-init[1079]: ci-info: | Route | Destination | Gateway | Interface | Flags |
[   39.103124] cloud-init[1079]: ci-info: +-------+-------------+---------+-----------+-------+
[   39.109154] cloud-init[1079]: ci-info: |   0   |  fe80::/64  |    ::   |   enp0s8  |   U   |
[   39.109248] cloud-init[1079]: ci-info: |   1   |  fe80::/64  |    ::   |   enp0s3  |   U   |
[   39.109284] cloud-init[1079]: ci-info: |   6   |   ff00::/8  |    ::   |   enp0s8  |   U   |
[   39.109314] cloud-init[1079]: ci-info: |   7   |   ff00::/8  |    ::   |   enp0s3  |   U   |
[   39.109342] cloud-init[1079]: ci-info: +-------+-------------+---------+-----------+-------+
[[0;32m  OK  [0m] Started FUSE filesystem for LXC.
         Starting Message of the Day...
[[0;32m  OK  [0m] Started Regular background program processing daemon.
         Starting LXD - container startup/shutdown...
         Starting /etc/rc.local Compatibility...
         Starting LSB: MD monitoring daemon...
         Starting Ubuntu Advantage APT and MOTD Messages...
         Starting Login Service...
[[0;32m  OK  [0m] Started ACPI event daemon.
         Starting Virtualbox guest utils...
         Starting Snap Daemon...
         Starting OpenBSD Secure Shell server...
         Starting System Logging Service...
         Starting Accounts Service...
[[0;32m  OK  [0m] Started Deferred execution scheduler.
[[0;32m  OK  [0m] Started iSCSI initiator daemon (iscsid).
[[0;32m  OK  [0m] Started Message of the Day.
[[0;32m  OK  [0m] Started /etc/rc.local Compatibility.
         Starting Login to default iSCSI targets...
[[0;32m  OK  [0m] Started Login Service.
[[0;32m  OK  [0m] Started Unattended Upgrades Shutdown.
[[0;32m  OK  [0m] Started LSB: Record successful boot for GRUB.
[[0;32m  OK  [0m] Started Login to default iSCSI targets.
[[0;32m  OK  [0m] Reached target Remote File Systems (Pre).
[[0;32m  OK  [0m] Reached target Remote File Systems.
         Starting LSB: Apache2 web server...
         Starting LSB: daemon to balance interrupts for SMP systems...
         Starting Permit User Sessions...
         Starting LSB: Set the CPU Frequency Scaling governor to "ondemand"...
         Starting LSB: automatic crash report generation...
[[0;32m  OK  [0m] Started LSB: MD monitoring daemon.
[[0;32m  OK  [0m] Started Permit User Sessions.
         Starting Hold until boot process finishes up...
         Starting Terminate Plymouth Boot Screen...
[[0;32m  OK  [0m] Started Hold until boot process finishes up.
[[0;32m  OK  [0m] Started Terminate Plymouth Boot Screen.
[[0;32m  OK  [0m] Started Getty on tty1.
[[0;32m  OK  [0m] Started Serial Getty on ttyS0.
[[0;32m  OK  [0m] Reached target Login Prompts.
         Starting Set console scheme...
[[0;32m  OK  [0m] Started System Logging Service.
[[0;32m  OK  [0m] Started LSB: Set the CPU Frequency Scaling governor to "ondemand".
[[0;32m  OK  [0m] Started Set console scheme.
[[0;32m  OK  [0m] Started LSB: daemon to balance interrupts for SMP systems.
[[0;32m  OK  [0m] Started LSB: automatic crash report generation.
         Starting Authenticate and Authorize Users to Run Privileged Tasks...
[[0;32m  OK  [0m] Started OpenBSD Secure Shell server.
[[0;32m  OK  [0m] Started Virtualbox guest utils.
[[0;32m  OK  [0m] Started Authenticate and Authorize Users to Run Privileged Tasks.
[[0;32m  OK  [0m] Started Accounts Service.
[[0;32m  OK  [0m] Created slice User Slice of vagrant.
         Starting User Manager for UID 1000...
[[0;32m  OK  [0m] Started Session 1 of user vagrant.
[[0;32m  OK  [0m] Started User Manager for UID 1000.
[[0;32m  OK  [0m] Started LXD - container startup/shutdown.
[[0;32m  OK  [0m] Started Snap Daemon.
         Starting Wait until snapd is fully seeded...
[[0;32m  OK  [0m] Started LSB: Apache2 web server.
[[0;32m  OK  [0m] Started Wait until snapd is fully seeded.
         Starting Apply the settings specified in cloud-config...
[[0;32m  OK  [0m] Reached target Multi-User System.
[[0;32m  OK  [0m] Reached target Graphical Interface.
         Starting Update UTMP about System Runlevel Changes...
[[0;32m  OK  [0m] Started Update UTMP about System Runlevel Changes.
[   45.198509] cloud-init[1493]: Cloud-init v. 21.1-19-gbad84ad4-0ubuntu1~16.04.2 running 'modules:config' at Mon, 12 Feb 2024 07:25:04 +0000. Up 44.77 seconds.

Ubuntu 16.04.7 LTS web2 ttyS0

web2 login: [   47.469054] cloud-init[1518]: Cloud-init v. 21.1-19-gbad84ad4-0ubuntu1~16.04.2 running 'modules:final' at Mon, 12 Feb 2024 07:25:06 +0000. Up 47.05 seconds.
[   47.469342] cloud-init[1518]: Cloud-init v. 21.1-19-gbad84ad4-0ubuntu1~16.04.2 finished at Mon, 12 Feb 2024 07:25:06 +0000. Datasource DataSourceNoCloud [seed=/dev/sdb][dsmode=net].  Up 47.42 seconds
[[0;32m  OK  [0m] Started ACPI event daemon.
[[0;32m  OK  [0m] Started ACPI event daemon.
[[0;32m  OK  [0m] Started ACPI event daemon.
[[0;32m  OK  [0m] Started Daily apt upgrade and clean activities.
